// Jest Snapshot v1, https://goo.gl/fbAQLP

exports[`getStatementsToAdd should return all required statements to add the given permissions for a given origin 1`] = `
Array [
  Statement {
    "object": BlankNode {
      "id": "bn_mock_app_id",
      "termType": "BlankNode",
      "value": "bn_mock_app_id",
    },
    "predicate": NamedNode {
      "termType": "NamedNode",
      "value": "http://www.w3.org/ns/auth/acl#trustedApp",
    },
    "subject": NamedNode {
      "termType": "NamedNode",
      "value": "https://fake.profile#me",
    },
    "why": NamedNode {
      "termType": "NamedNode",
      "value": "https://fake.profile",
    },
  },
  Statement {
    "object": NamedNode {
      "termType": "NamedNode",
      "value": "https://fake.origin",
    },
    "predicate": NamedNode {
      "termType": "NamedNode",
      "value": "http://www.w3.org/ns/auth/acl#origin",
    },
    "subject": BlankNode {
      "id": "bn_mock_app_id",
      "termType": "BlankNode",
      "value": "bn_mock_app_id",
    },
    "why": NamedNode {
      "termType": "NamedNode",
      "value": "https://fake.profile",
    },
  },
  Statement {
    "object": NamedNode {
      "termType": "NamedNode",
      "value": "http://www.w3.org/ns/auth/acl#read",
    },
    "predicate": NamedNode {
      "termType": "NamedNode",
      "value": "http://www.w3.org/ns/auth/acl#mode",
    },
    "subject": BlankNode {
      "id": "bn_mock_app_id",
      "termType": "BlankNode",
      "value": "bn_mock_app_id",
    },
    "why": NamedNode {
      "termType": "NamedNode",
      "value": "https://fake.profile",
    },
  },
  Statement {
    "object": NamedNode {
      "termType": "NamedNode",
      "value": "http://www.w3.org/ns/auth/acl#write",
    },
    "predicate": NamedNode {
      "termType": "NamedNode",
      "value": "http://www.w3.org/ns/auth/acl#mode",
    },
    "subject": BlankNode {
      "id": "bn_mock_app_id",
      "termType": "BlankNode",
      "value": "bn_mock_app_id",
    },
    "why": NamedNode {
      "termType": "NamedNode",
      "value": "https://fake.profile",
    },
  },
]
`;

exports[`getStatementsToDelete should return all statements for the given origin 1`] = `
Array [
  Statement {
    "object": NamedNode {
      "termType": "NamedNode",
      "value": "https://fake.app",
    },
    "predicate": NamedNode {
      "termType": "NamedNode",
      "value": "http://www.w3.org/ns/auth/acl#trustedApp",
    },
    "subject": NamedNode {
      "termType": "NamedNode",
      "value": "https://fake.profile#me",
    },
    "why": IndexedFormula {
      "HTTPRedirects": Array [],
      "aliases": Array [],
      "classActions": Array [],
      "constraints": Array [],
      "features": Array [
        "sameAs",
        "InverseFunctionalProperty",
        "FunctionalProperty",
      ],
      "index": Array [
        Array [],
        Array [],
        Array [],
        Array [],
      ],
      "initBindings": Array [],
      "namespaces": Object {},
      "objectIndex": Array [],
      "optional": Array [],
      "predicateIndex": Array [],
      "propertyActions": Array [],
      "redirections": Array [],
      "statements": Array [
        Statement {
          "object": NamedNode {
            "termType": "NamedNode",
            "value": "https://fake.origin",
          },
          "predicate": NamedNode {
            "termType": "NamedNode",
            "value": "http://www.w3.org/ns/auth/acl#origin",
          },
          "subject": NamedNode {
            "termType": "NamedNode",
            "value": "https://fake.app",
          },
          "why": [Circular],
        },
        Statement {
          "object": NamedNode {
            "termType": "NamedNode",
            "value": "http://www.w3.org/ns/auth/acl#Read",
          },
          "predicate": NamedNode {
            "termType": "NamedNode",
            "value": "http://www.w3.org/ns/auth/acl#mode",
          },
          "subject": NamedNode {
            "termType": "NamedNode",
            "value": "https://fake.app",
          },
          "why": [Circular],
        },
        [Circular],
      ],
      "subjectIndex": Array [],
      "termType": "Graph",
      "whyIndex": Array [],
    },
  },
  Statement {
    "object": NamedNode {
      "termType": "NamedNode",
      "value": "https://fake.origin",
    },
    "predicate": NamedNode {
      "termType": "NamedNode",
      "value": "http://www.w3.org/ns/auth/acl#origin",
    },
    "subject": NamedNode {
      "termType": "NamedNode",
      "value": "https://fake.app",
    },
    "why": IndexedFormula {
      "HTTPRedirects": Array [],
      "aliases": Array [],
      "classActions": Array [],
      "constraints": Array [],
      "features": Array [
        "sameAs",
        "InverseFunctionalProperty",
        "FunctionalProperty",
      ],
      "index": Array [
        Array [],
        Array [],
        Array [],
        Array [],
      ],
      "initBindings": Array [],
      "namespaces": Object {},
      "objectIndex": Array [],
      "optional": Array [],
      "predicateIndex": Array [],
      "propertyActions": Array [],
      "redirections": Array [],
      "statements": Array [
        [Circular],
        Statement {
          "object": NamedNode {
            "termType": "NamedNode",
            "value": "http://www.w3.org/ns/auth/acl#Read",
          },
          "predicate": NamedNode {
            "termType": "NamedNode",
            "value": "http://www.w3.org/ns/auth/acl#mode",
          },
          "subject": NamedNode {
            "termType": "NamedNode",
            "value": "https://fake.app",
          },
          "why": [Circular],
        },
        Statement {
          "object": NamedNode {
            "termType": "NamedNode",
            "value": "https://fake.app",
          },
          "predicate": NamedNode {
            "termType": "NamedNode",
            "value": "http://www.w3.org/ns/auth/acl#trustedApp",
          },
          "subject": NamedNode {
            "termType": "NamedNode",
            "value": "https://fake.profile#me",
          },
          "why": [Circular],
        },
      ],
      "subjectIndex": Array [],
      "termType": "Graph",
      "whyIndex": Array [],
    },
  },
  Statement {
    "object": NamedNode {
      "termType": "NamedNode",
      "value": "http://www.w3.org/ns/auth/acl#Read",
    },
    "predicate": NamedNode {
      "termType": "NamedNode",
      "value": "http://www.w3.org/ns/auth/acl#mode",
    },
    "subject": NamedNode {
      "termType": "NamedNode",
      "value": "https://fake.app",
    },
    "why": IndexedFormula {
      "HTTPRedirects": Array [],
      "aliases": Array [],
      "classActions": Array [],
      "constraints": Array [],
      "features": Array [
        "sameAs",
        "InverseFunctionalProperty",
        "FunctionalProperty",
      ],
      "index": Array [
        Array [],
        Array [],
        Array [],
        Array [],
      ],
      "initBindings": Array [],
      "namespaces": Object {},
      "objectIndex": Array [],
      "optional": Array [],
      "predicateIndex": Array [],
      "propertyActions": Array [],
      "redirections": Array [],
      "statements": Array [
        Statement {
          "object": NamedNode {
            "termType": "NamedNode",
            "value": "https://fake.origin",
          },
          "predicate": NamedNode {
            "termType": "NamedNode",
            "value": "http://www.w3.org/ns/auth/acl#origin",
          },
          "subject": NamedNode {
            "termType": "NamedNode",
            "value": "https://fake.app",
          },
          "why": [Circular],
        },
        [Circular],
        Statement {
          "object": NamedNode {
            "termType": "NamedNode",
            "value": "https://fake.app",
          },
          "predicate": NamedNode {
            "termType": "NamedNode",
            "value": "http://www.w3.org/ns/auth/acl#trustedApp",
          },
          "subject": NamedNode {
            "termType": "NamedNode",
            "value": "https://fake.profile#me",
          },
          "why": [Circular],
        },
      ],
      "subjectIndex": Array [],
      "termType": "Graph",
      "whyIndex": Array [],
    },
  },
]
`;
